// Jest Snapshot v1, https://goo.gl/fbAQLP

exports[`response is sealed 1`] = `"Cannot define property new_prop, object is not extensible"`;
