// Jest Snapshot v1, https://goo.gl/fbAQLP

exports[`Router adds routes to the expected keys 1`] = `
Object {
  "get": Route {
    "action": "get",
    "module": "module",
    "parameters": Array [],
    "url": "/",
  },
}
`;
