// Jest Snapshot v1, https://goo.gl/fbAQLP

exports[`throws an error if the property doesn't exist but is required 1`] = `"Missing configuration property: bar"`;

exports[`throws an error if the property doesn't exist but is required 2`] = `"Missing configuration property: bar"`;
