// Jest Snapshot v1, https://goo.gl/fbAQLP

exports[`setCallbackFns throws on invalid arrays 1`] = `"You must pass an array of valid callback functions to this method"`;

exports[`throws on invalid arrays 1`] = `"You must pass an array of valid callback functions to this method"`;
